[    0.000000] Linux version 4.15.0-76-generic (buildd@lcy01-amd64-029) (gcc version 7.4.0 (Ubuntu 7.4.0-1ubuntu1~18.04.1)) #86-Ubuntu SMP Fri Jan 17 17:24:28 UTC 2020 (Ubuntu 4.15.0-76.86-generic 4.15.18)
[    0.000000] Command line: BOOT_IMAGE=/boot/vmlinuz-4.15.0-76-generic root=LABEL=cloudimg-rootfs ro console=tty1 console=ttyS0
[    0.000000] KERNEL supported cpus:
[    0.000000]   Intel GenuineIntel
[    0.000000]   AMD AuthenticAMD
[    0.000000]   Centaur CentaurHauls
[    0.000000] x86/fpu: Supporting XSAVE feature 0x001: 'x87 floating point registers'
[    0.000000] x86/fpu: Supporting XSAVE feature 0x002: 'SSE registers'
[    0.000000] x86/fpu: Supporting XSAVE feature 0x004: 'AVX registers'
[    0.000000] x86/fpu: xstate_offset[2]:  576, xstate_sizes[2]:  256
[    0.000000] x86/fpu: Enabled xstate features 0x7, context size is 832 bytes, using 'standard' format.
[    0.000000] e820: BIOS-provided physical RAM map:
[    0.000000] BIOS-e820: [mem 0x0000000000000000-0x000000000009fbff] usable
[    0.000000] BIOS-e820: [mem 0x000000000009fc00-0x000000000009ffff] reserved
[    0.000000] BIOS-e820: [mem 0x00000000000f0000-0x00000000000fffff] reserved
[    0.000000] BIOS-e820: [mem 0x0000000000100000-0x000000003ffeffff] usable
[    0.000000] BIOS-e820: [mem 0x000000003fff0000-0x000000003fffffff] ACPI data
[    0.000000] BIOS-e820: [mem 0x00000000fec00000-0x00000000fec00fff] reserved
[    0.000000] BIOS-e820: [mem 0x00000000fee00000-0x00000000fee00fff] reserved
[    0.000000] BIOS-e820: [mem 0x00000000fffc0000-0x00000000ffffffff] reserved
[    0.000000] NX (Execute Disable) protection: active
[    0.000000] SMBIOS 2.5 present.
[    0.000000] DMI: innotek GmbH VirtualBox/VirtualBox, BIOS VirtualBox 12/01/2006
[    0.000000] Hypervisor detected: KVM
[    0.000000] e820: last_pfn = 0x3fff0 max_arch_pfn = 0x400000000
[    0.000000] MTRR: Disabled
[    0.000000] x86/PAT: MTRRs disabled, skipping PAT initialization too.
[    0.000000] CPU MTRRs all blank - virtualized system.
[    0.000000] x86/PAT: Configuration [0-7]: WB  WT  UC- UC  WB  WT  UC- UC  
[    0.000000] found SMP MP-table at [mem 0x0009fff0-0x0009ffff]
[    0.000000] Scanning 1 areas for low memory corruption
[    0.000000] RAMDISK: [mem 0x35967000-0x36caafff]
[    0.000000] ACPI: Early table checksum verification disabled
[    0.000000] ACPI: RSDP 0x00000000000E0000 000024 (v02 VBOX  )
[    0.000000] ACPI: XSDT 0x000000003FFF0030 00003C (v01 VBOX   VBOXXSDT 00000001 ASL  00000061)
[    0.000000] ACPI: FACP 0x000000003FFF00F0 0000F4 (v04 VBOX   VBOXFACP 00000001 ASL  00000061)
[    0.000000] ACPI: DSDT 0x000000003FFF0470 002325 (v02 VBOX   VBOXBIOS 00000002 INTL 20100528)
[    0.000000] ACPI: FACS 0x000000003FFF0200 000040
[    0.000000] ACPI: FACS 0x000000003FFF0200 000040
[    0.000000] ACPI: APIC 0x000000003FFF0240 00005C (v02 VBOX   VBOXAPIC 00000001 ASL  00000061)
[    0.000000] ACPI: SSDT 0x000000003FFF02A0 0001CC (v01 VBOX   VBOXCPUT 00000002 INTL 20100528)
[    0.000000] No NUMA configuration found
[    0.000000] Faking a node at [mem 0x0000000000000000-0x000000003ffeffff]
[    0.000000] NODE_DATA(0) allocated [mem 0x3ffc5000-0x3ffeffff]
[    0.000000] kvm-clock: cpu 0, msr 0:3ff44001, primary cpu clock
[    0.000000] kvm-clock: Using msrs 4b564d01 and 4b564d00
[    0.000000] kvm-clock: using sched offset of 3606329262 cycles
[    0.000000] clocksource: kvm-clock: mask: 0xffffffffffffffff max_cycles: 0x1cd42e4dffb, max_idle_ns: 881590591483 ns
[    0.000000] Zone ranges:
[    0.000000]   DMA      [mem 0x0000000000001000-0x0000000000ffffff]
[    0.000000]   DMA32    [mem 0x0000000001000000-0x000000003ffeffff]
[    0.000000]   Normal   empty
[    0.000000]   Device   empty
[    0.000000] Movable zone start for each node
[    0.000000] Early memory node ranges
[    0.000000]   node   0: [mem 0x0000000000001000-0x000000000009efff]
[    0.000000]   node   0: [mem 0x0000000000100000-0x000000003ffeffff]
[    0.000000] Reserved but unavailable: 98 pages
[    0.000000] Initmem setup node 0 [mem 0x0000000000001000-0x000000003ffeffff]
[    0.000000] ACPI: PM-Timer IO Port: 0x4008
[    0.000000] IOAPIC[0]: apic_id 2, version 32, address 0xfec00000, GSI 0-23
[    0.000000] ACPI: INT_SRC_OVR (bus 0 bus_irq 0 global_irq 2 dfl dfl)
[    0.000000] ACPI: INT_SRC_OVR (bus 0 bus_irq 9 global_irq 9 low level)
[    0.000000] Using ACPI (MADT) for SMP configuration information
[    0.000000] smpboot: Allowing 2 CPUs, 0 hotplug CPUs
[    0.000000] PM: Registered nosave memory: [mem 0x00000000-0x00000fff]
[    0.000000] PM: Registered nosave memory: [mem 0x0009f000-0x0009ffff]
[    0.000000] PM: Registered nosave memory: [mem 0x000a0000-0x000effff]
[    0.000000] PM: Registered nosave memory: [mem 0x000f0000-0x000fffff]
[    0.000000] e820: [mem 0x40000000-0xfebfffff] available for PCI devices
[    0.000000] Booting paravirtualized kernel on KVM
[    0.000000] clocksource: refined-jiffies: mask: 0xffffffff max_cycles: 0xffffffff, max_idle_ns: 7645519600211568 ns
[    0.000000] random: get_random_bytes called from start_kernel+0x99/0x4fd with crng_init=0
[    0.000000] setup_percpu: NR_CPUS:8192 nr_cpumask_bits:2 nr_cpu_ids:2 nr_node_ids:1
[    0.000000] percpu: Embedded 45 pages/cpu s147456 r8192 d28672 u1048576
[    0.000000] PV qspinlock hash table entries: 256 (order: 0, 4096 bytes)
[    0.000000] Built 1 zonelists, mobility grouping on.  Total pages: 257913
[    0.000000] Policy zone: DMA32
[    0.000000] Kernel command line: BOOT_IMAGE=/boot/vmlinuz-4.15.0-76-generic root=LABEL=cloudimg-rootfs ro console=tty1 console=ttyS0
[    0.000000] Memory: 982552K/1048120K available (12300K kernel code, 2481K rwdata, 4260K rodata, 2428K init, 2704K bss, 65568K reserved, 0K cma-reserved)
[    0.000000] SLUB: HWalign=64, Order=0-3, MinObjects=0, CPUs=2, Nodes=1
[    0.000000] Kernel/User page tables isolation: enabled
[    0.000000] ftrace: allocating 39322 entries in 154 pages
[    0.004000] Hierarchical RCU implementation.
[    0.004000] 	RCU restricting CPUs from NR_CPUS=8192 to nr_cpu_ids=2.
[    0.004000] 	Tasks RCU enabled.
[    0.004000] RCU: Adjusting geometry for rcu_fanout_leaf=16, nr_cpu_ids=2
[    0.004000] NR_IRQS: 524544, nr_irqs: 440, preallocated irqs: 16
[    0.004000] Console: colour VGA+ 80x25
[    0.004000] console [tty1] enabled
[    0.004000] console [ttyS0] enabled
[    0.004000] ACPI: Core revision 20170831
[    0.004000] ACPI: 2 ACPI AML tables successfully acquired and loaded
[    0.004000] APIC: Switch to symmetric I/O mode setup
[    0.004000] x2apic enabled
[    0.004000] Switched APIC routing to physical x2apic.
[    0.004000] ..TIMER: vector=0x30 apic1=0 pin1=2 apic2=-1 pin2=-1
[    0.004004] tsc: Detected 2712.000 MHz processor
[    0.004793] Calibrating delay loop (skipped) preset value.. 5424.00 BogoMIPS (lpj=10848000)
[    0.005412] pid_max: default: 32768 minimum: 301
[    0.006314] Security Framework initialized
[    0.008003] Yama: becoming mindful.
[    0.008670] AppArmor: AppArmor initialized
[    0.012055] Dentry cache hash table entries: 131072 (order: 8, 1048576 bytes)
[    0.013251] Inode-cache hash table entries: 65536 (order: 7, 524288 bytes)
[    0.016027] Mount-cache hash table entries: 2048 (order: 2, 16384 bytes)
[    0.017163] Mountpoint-cache hash table entries: 2048 (order: 2, 16384 bytes)
[    0.018585] Last level iTLB entries: 4KB 64, 2MB 8, 4MB 8
[    0.019547] Last level dTLB entries: 4KB 64, 2MB 0, 4MB 0, 1GB 4
[    0.020003] Spectre V1 : Mitigation: usercopy/swapgs barriers and __user pointer sanitization
[    0.021420] Spectre V2 : Mitigation: Full generic retpoline
[    0.022353] Spectre V2 : Spectre v2 / SpectreRSB mitigation: Filling RSB on context switch
[    0.024002] Speculative Store Bypass: Vulnerable
[    0.024891] MDS: Vulnerable: Clear CPU buffers attempted, no microcode
[    0.026260] Freeing SMP alternatives memory: 36K
[    0.137674] smpboot: CPU0: Intel(R) Core(TM) i5-7200U CPU @ 2.50GHz (family: 0x6, model: 0x8e, stepping: 0x9)
[    0.139513] Performance Events: unsupported p6 CPU model 142 no PMU driver, software events only.
[    0.140000] Hierarchical SRCU implementation.
[    0.140534] NMI watchdog: Perf event create on CPU 0 failed with -2
[    0.141627] NMI watchdog: Perf NMI watchdog permanently disabled
[    0.142731] smp: Bringing up secondary CPUs ...
[    0.143667] x86: Booting SMP configuration:
[    0.144004] .... node  #0, CPUs:      #1
[    0.004000] kvm-clock: cpu 1, msr 0:3ff44041, secondary cpu clock
[    0.148026] smp: Brought up 1 node, 2 CPUs
[    0.148754] smpboot: Max logical packages: 1
[    0.149527] smpboot: Total of 2 processors activated (10848.00 BogoMIPS)
[    0.152065] devtmpfs: initialized
[    0.152688] x86/mm: Memory block size: 128MB
[    0.153607] evm: security.selinux
[    0.154249] evm: security.SMACK64
[    0.154893] evm: security.SMACK64EXEC
[    0.155584] evm: security.SMACK64TRANSMUTE
[    0.156006] evm: security.SMACK64MMAP
[    0.156696] evm: security.apparmor
[    0.157358] evm: security.ima
[    0.157941] evm: security.capability
[    0.158659] clocksource: jiffies: mask: 0xffffffff max_cycles: 0xffffffff, max_idle_ns: 7645041785100000 ns
[    0.160012] futex hash table entries: 512 (order: 3, 32768 bytes)
[    0.164000] pinctrl core: initialized pinctrl subsystem
[    0.164123] RTC time: 16:50:34, date: 02/24/20
[    0.165167] NET: Registered protocol family 16
[    0.168074] audit: initializing netlink subsys (disabled)
[    0.169112] audit: type=2000 audit(1582563039.807:1): state=initialized audit_enabled=0 res=1
[    0.169480] cpuidle: using governor ladder
[    0.169480] cpuidle: using governor menu
[    0.172048] ACPI: bus type PCI registered
[    0.172861] acpiphp: ACPI Hot Plug PCI Controller Driver version: 0.5
[    0.174023] PCI: Using configuration type 1 for base access
[    0.176961] HugeTLB registered 2.00 MiB page size, pre-allocated 0 pages
[    0.180095] ACPI: Added _OSI(Module Device)
[    0.180903] ACPI: Added _OSI(Processor Device)
[    0.181752] ACPI: Added _OSI(3.0 _SCP Extensions)
[    0.182639] ACPI: Added _OSI(Processor Aggregator Device)
[    0.183695] ACPI: Added _OSI(Linux-Dell-Video)
[    0.184004] ACPI: Added _OSI(Linux-Lenovo-NV-HDMI-Audio)
[    0.184967] ACPI: Added _OSI(Linux-HPI-Hybrid-Graphics)
[    0.186232] ACPI: Executed 1 blocks of module-level executable AML code
[    0.190433] ACPI: Interpreter enabled
[    0.191240] ACPI: (supports S0 S5)
[    0.192004] ACPI: Using IOAPIC for interrupt routing
[    0.193115] PCI: Using host bridge windows from ACPI; if necessary, use "pci=nocrs" and report a bug
[    0.194993] ACPI: Enabled 2 GPEs in block 00 to 07
[    0.202018] ACPI: PCI Root Bridge [PCI0] (domain 0000 [bus 00-ff])
[    0.203110] acpi PNP0A03:00: _OSC: OS supports [ASPM ClockPM Segments MSI]
[    0.204437] acpi PNP0A03:00: _OSC: not requesting OS control; OS requires [ExtendedConfig ASPM ClockPM MSI]
[    0.206159] acpi PNP0A03:00: fail to add MMCONFIG information, can't access extended PCI configuration space under this bridge.
[    0.208389] PCI host bridge to bus 0000:00
[    0.209157] pci_bus 0000:00: root bus resource [io  0x0000-0x0cf7 window]
[    0.210372] pci_bus 0000:00: root bus resource [io  0x0d00-0xffff window]
[    0.211556] pci_bus 0000:00: root bus resource [mem 0x000a0000-0x000bffff window]
[    0.212005] pci_bus 0000:00: root bus resource [mem 0x40000000-0xfdffffff window]
[    0.213331] pci_bus 0000:00: root bus resource [bus 00-ff]
[    0.217587] pci 0000:00:01.1: legacy IDE quirk: reg 0x10: [io  0x01f0-0x01f7]
[    0.218718] pci 0000:00:01.1: legacy IDE quirk: reg 0x14: [io  0x03f6]
[    0.219726] pci 0000:00:01.1: legacy IDE quirk: reg 0x18: [io  0x0170-0x0177]
[    0.220014] pci 0000:00:01.1: legacy IDE quirk: reg 0x1c: [io  0x0376]
[    0.243070] pci 0000:00:07.0: quirk: [io  0x4000-0x403f] claimed by PIIX4 ACPI
[    0.244025] pci 0000:00:07.0: quirk: [io  0x4100-0x410f] claimed by PIIX4 SMB
[    0.260357] ACPI: PCI Interrupt Link [LNKA] (IRQs 5 9 10 *11)
[    0.261785] ACPI: PCI Interrupt Link [LNKB] (IRQs 5 9 *10 11)
[    0.262916] ACPI: PCI Interrupt Link [LNKC] (IRQs 5 *9 10 11)
[    0.263995] ACPI: PCI Interrupt Link [LNKD] (IRQs 5 9 10 *11)
[    0.264373] SCSI subsystem initialized
[    0.265099] pci 0000:00:02.0: vgaarb: setting as boot VGA device
[    0.265099] pci 0000:00:02.0: vgaarb: VGA device added: decodes=io+mem,owns=io+mem,locks=none
[    0.268010] pci 0000:00:02.0: vgaarb: bridge control possible
[    0.269066] vgaarb: loaded
[    0.269633] ACPI: bus type USB registered
[    0.270391] usbcore: registered new interface driver usbfs
[    0.272027] usbcore: registered new interface driver hub
[    0.273684] usbcore: registered new device driver usb
[    0.274678] EDAC MC: Ver: 3.0.0
[    0.274678] PCI: Using ACPI for IRQ routing
[    0.276319] NetLabel: Initializing
[    0.276966] NetLabel:  domain hash size = 128
[    0.277847] NetLabel:  protocols = UNLABELED CIPSOv4 CALIPSO
[    0.278810] NetLabel:  unlabeled traffic allowed by default
[    0.280091] clocksource: Switched to clocksource kvm-clock
[    0.298800] VFS: Disk quotas dquot_6.6.0
[    0.299546] VFS: Dquot-cache hash table entries: 512 (order 0, 4096 bytes)
[    0.300820] AppArmor: AppArmor Filesystem Enabled
[    0.301668] pnp: PnP ACPI init
[    0.303315] pnp: PnP ACPI: found 3 devices
[    0.314573] clocksource: acpi_pm: mask: 0xffffff max_cycles: 0xffffff, max_idle_ns: 2085701024 ns
[    0.316117] NET: Registered protocol family 2
[    0.317210] TCP established hash table entries: 8192 (order: 4, 65536 bytes)
[    0.318423] TCP bind hash table entries: 8192 (order: 5, 131072 bytes)
[    0.320952] TCP: Hash tables configured (established 8192 bind 8192)
[    0.323613] UDP hash table entries: 512 (order: 2, 16384 bytes)
[    0.324859] UDP-Lite hash table entries: 512 (order: 2, 16384 bytes)
[    0.326022] NET: Registered protocol family 1
[    0.326805] pci 0000:00:00.0: Limiting direct PCI/PCI transfers
[    0.328315] pci 0000:00:01.0: Activating ISA DMA hang workarounds
[    0.329636] pci 0000:00:02.0: Video device with shadowed ROM at [mem 0x000c0000-0x000dffff]
[    0.331122] Unpacking initramfs...
[    0.670207] Freeing initrd memory: 19728K
[    0.671186] clocksource: tsc: mask: 0xffffffffffffffff max_cycles: 0x2717868ea45, max_idle_ns: 440795316085 ns
[    0.673666] platform rtc_cmos: registered platform RTC device (no PNP device found)
[    0.675280] Scanning for low memory corruption every 60 seconds
[    0.677256] Initialise system trusted keyrings
[    0.678464] Key type blacklist registered
[    0.679326] workingset: timestamp_bits=36 max_order=18 bucket_order=0
[    0.681843] zbud: loaded
[    0.683262] squashfs: version 4.0 (2009/01/31) Phillip Lougher
[    0.684653] fuse init (API version 7.26)
[    0.693646] Key type asymmetric registered
[    0.694717] Asymmetric key parser 'x509' registered
[    0.695885] Block layer SCSI generic (bsg) driver version 0.4 loaded (major 246)
[    0.697336] io scheduler noop registered
[    0.697983] io scheduler deadline registered
[    0.698707] io scheduler cfq registered (default)
[    0.699887] ACPI: AC Adapter [AC] (on-line)
[    0.701172] input: Power Button as /devices/LNXSYSTM:00/LNXPWRBN:00/input/input0
[    0.703093] ACPI: Power Button [PWRF]
[    0.704012] input: Sleep Button as /devices/LNXSYSTM:00/LNXSLPBN:00/input/input1
[    0.705698] ACPI: Sleep Button [SLPF]
[    0.707692] ACPI: Battery Slot [BAT0] (battery present)
[    0.708197] Serial: 8250/16550 driver, 32 ports, IRQ sharing enabled
[    0.730402] 00:02: ttyS0 at I/O 0x3f8 (irq = 4, base_baud = 115200) is a 16550A
[    0.736293] Linux agpgart interface v0.103
[    0.738142] loop: module loaded
[    0.739293] scsi host0: ata_piix
[    0.740063] scsi host1: ata_piix
[    0.740637] ata1: PATA max UDMA/33 cmd 0x1f0 ctl 0x3f6 bmdma 0xd000 irq 14
[    0.741678] ata2: PATA max UDMA/33 cmd 0x170 ctl 0x376 bmdma 0xd008 irq 15
[    0.742809] libphy: Fixed MDIO Bus: probed
[    0.743489] tun: Universal TUN/TAP device driver, 1.6
[    0.744498] PPP generic driver version 2.4.2
[    0.745284] ehci_hcd: USB 2.0 'Enhanced' Host Controller (EHCI) Driver
[    0.746338] ehci-pci: EHCI PCI platform driver
[    0.747091] ehci-platform: EHCI generic platform driver
[    0.747950] ohci_hcd: USB 1.1 'Open' Host Controller (OHCI) Driver
[    0.748934] ohci-pci: OHCI PCI platform driver
[    0.749643] ohci-platform: OHCI generic platform driver
[    0.750453] uhci_hcd: USB Universal Host Controller Interface driver
[    0.751469] i8042: PNP: PS/2 Controller [PNP0303:PS2K,PNP0f03:PS2M] at 0x60,0x64 irq 1,12
[    0.753303] serio: i8042 KBD port at 0x60,0x64 irq 1
[    0.754151] serio: i8042 AUX port at 0x60,0x64 irq 12
[    0.755061] mousedev: PS/2 mouse device common for all mice
[    0.756248] input: AT Translated Set 2 keyboard as /devices/platform/i8042/serio0/input/input2
[    0.757921] rtc_cmos rtc_cmos: rtc core: registered rtc_cmos as rtc0
[    0.758938] rtc_cmos rtc_cmos: alarms up to one day, 114 bytes nvram
[    0.759905] i2c /dev entries driver
[    0.760639] device-mapper: uevent: version 1.0.3
[    0.761437] device-mapper: ioctl: 4.37.0-ioctl (2017-09-20) initialised: dm-devel@redhat.com
[    0.762786] ledtrig-cpu: registered to indicate activity on CPUs
[    0.764169] NET: Registered protocol family 10
[    0.768410] Segment Routing with IPv6
[    0.769105] NET: Registered protocol family 17
[    0.769867] Key type dns_resolver registered
[    0.770756] mce: Using 0 MCE banks
[    0.771336] RAS: Correctable Errors collector initialized.
[    0.772227] sched_clock: Marking stable (772203860, 0)->(939861218, -167657358)
[    0.773664] registered taskstats version 1
[    0.774384] Loading compiled-in X.509 certificates
[    0.777507] Loaded X.509 cert 'Build time autogenerated kernel key: 665cd2b89e03521f57c41865f552ebce30a0c7fb'
[    0.779111] zswap: loaded using pool lzo/zbud
[    0.782969] Key type big_key registered
[    0.783618] Key type trusted registered
[    0.785820] Key type encrypted registered
[    0.786484] AppArmor: AppArmor sha1 policy hashing enabled
[    0.787413] ima: No TPM chip found, activating TPM-bypass! (rc=-19)
[    0.788622] ima: Allocated hash algorithm: sha1
[    0.789347] evm: HMAC attrs: 0x1
[    0.790146]   Magic number: 8:264:844
[    0.790915] rtc_cmos rtc_cmos: setting system clock to 2020-02-24 16:50:35 UTC (1582563035)
[    0.792417] BIOS EDD facility v0.16 2004-Jun-25, 0 devices found
[    0.793354] EDD information not available.
[    1.154348] Freeing unused kernel image memory: 2428K
[    1.168664] Write protecting the kernel read-only data: 20480k
[    1.170595] Freeing unused kernel image memory: 2008K
[    1.171850] Freeing unused kernel image memory: 1884K
[    1.178535] x86/mm: Checked W+X mappings: passed, no W+X pages found.
[    1.179666] x86/mm: Checking user space page tables
[    1.185752] x86/mm: Checked W+X mappings: passed, no W+X pages found.
Loading, please wait...
starting version 237
[    1.253524] Fusion MPT base driver 3.04.20
[    1.254231] Copyright (c) 1999-2008 LSI Corporation
[    1.262314] e1000: Intel(R) PRO/1000 Network Driver - version 7.3.21-k8-NAPI
[    1.263832] e1000: Copyright (c) 1999-2006 Intel Corporation.
[    1.267221] Fusion MPT SPI Host driver 3.04.20
[    1.274602] mptbase: ioc0: Initiating bringup
[    1.276969] AVX2 version of gcm_enc/dec engaged.
[    1.278108] AES CTR mode by8 optimization enabled
[    1.519085] input: ImExPS/2 Generic Explorer Mouse as /devices/platform/i8042/serio1/input/input4
[    1.525102] ioc0: LSI53C1030 A0: Capabilities={Initiator}
[    3.604881] scsi host2: ioc0: LSI53C1030 A0, FwRev=00000000h, Ports=1, MaxQ=256, IRQ=20
[    5.285336] scsi 2:0:0:0: Direct-Access     VBOX     HARDDISK         1.0  PQ: 0 ANSI: 5
[    5.316034] scsi target2:0:0: Beginning Domain Validation
[    5.320150] scsi target2:0:0: Domain Validation skipping write tests
[    5.321183] scsi target2:0:0: Ending Domain Validation
[    5.322187] scsi target2:0:0: asynchronous
[    5.323731] scsi 2:0:1:0: Direct-Access     VBOX     HARDDISK         1.0  PQ: 0 ANSI: 5
[    5.620221] scsi target2:0:1: Beginning Domain Validation
[    5.623679] random: fast init done
[    5.624492] scsi target2:0:1: Domain Validation skipping write tests
[    5.625466] scsi target2:0:1: Ending Domain Validation
[    5.626551] scsi target2:0:1: asynchronous
[    5.631428] random: systemd-udevd: uninitialized urandom read (16 bytes read)
[    5.632565] random: systemd-udevd: uninitialized urandom read (16 bytes read)
[    5.633649] random: systemd-udevd: uninitialized urandom read (16 bytes read)
[    5.635159] sd 2:0:0:0: [sda] 20971520 512-byte logical blocks: (10.7 GB/10.0 GiB)
[    5.636451] sd 2:0:0:0: [sda] Write Protect is off
[    5.637306] sd 2:0:0:0: Attached scsi generic sg0 type 0
[    5.638176] sd 2:0:0:0: [sda] Incomplete mode parameter data
[    5.639067] sd 2:0:0:0: [sda] Assuming drive cache: write through
[    5.641139] sd 2:0:1:0: Attached scsi generic sg1 type 0
[    5.641140] sd 2:0:1:0: [sdb] 20480 512-byte logical blocks: (10.5 MB/10.0 MiB)
[    5.641188] sd 2:0:1:0: [sdb] Write Protect is off
[    5.644734]  sda: sda1
[    5.648383] sd 2:0:1:0: [sdb] Incomplete mode parameter data
[    5.649874] sd 2:0:1:0: [sdb] Assuming drive cache: write through
[    5.651587] sd 2:0:0:0: [sda] Attached SCSI disk
[    5.654728] sd 2:0:1:0: [sdb] Attached SCSI disk
[    5.657990] e1000 0000:00:03.0 eth0: (PCI:33MHz:32-bit) 02:b4:6b:8c:b8:1a
[    5.659106] e1000 0000:00:03.0 eth0: Intel(R) PRO/1000 Network Connection
[    6.245255] e1000 0000:00:08.0 eth1: (PCI:33MHz:32-bit) 08:00:27:56:40:2e
[    6.246603] e1000 0000:00:08.0 eth1: Intel(R) PRO/1000 Network Connection
[    6.249088] e1000 0000:00:08.0 enp0s8: renamed from eth1
[    6.269058] e1000 0000:00:03.0 enp0s3: renamed from eth0
Begin: Loading essential drivers ... [    7.984096] raid6: sse2x1   gen()  2608 MB/s
[    8.036056] raid6: sse2x1   xor()  3798 MB/s
[    8.084093] raid6: sse2x2   gen()  5714 MB/s
[    8.136142] raid6: sse2x2   xor()  4660 MB/s
[    8.188332] raid6: sse2x4   gen()  2418 MB/s
[    8.240077] raid6: sse2x4   xor()  2931 MB/s
[    8.308506] raid6: avx2x1   gen()  6182 MB/s
[    8.356720] raid6: avx2x1   xor()  6146 MB/s
[    8.406131] raid6: avx2x2   gen() 12545 MB/s
[    8.456279] raid6: avx2x2   xor()  7388 MB/s
[    8.504131] raid6: avx2x4   gen() 13461 MB/s
[    8.552611] raid6: avx2x4   xor()  7606 MB/s
[    8.554408] raid6: using algorithm avx2x4 gen() 13461 MB/s
[    8.558894] raid6: .... xor() 7606 MB/s, rmw enabled
[    8.560282] raid6: using avx2x2 recovery algorithm
[    8.563156] xor: automatically using best checksumming function   avx       
[    8.568342] async_tx: api initialized (async)
done.
Begin: Running /scripts/init-premount ... done.
Begin: Mounting root file system ... Begin: Running /scripts/local-top ... done.
Begin: Running /scripts/local-premount ... [    8.634231] Btrfs loaded, crc32c=crc32c-intel
Scanning for Btrfs filesystems
done.
Warning: fsck not present, so skipping root file system
[    8.684904] EXT4-fs (sda1): mounted filesystem with ordered data mode. Opts: (null)
done.
Begin: Running /scripts/local-bottom ... done.
Begin: Running /scripts/init-bottom ... done.
[    8.872407] ip_tables: (C) 2000-2006 Netfilter Core Team
[    8.883077] systemd[1]: systemd 237 running in system mode. (+PAM +AUDIT +SELINUX +IMA +APPARMOR +SMACK +SYSVINIT +UTMP +LIBCRYPTSETUP +GCRYPT +GNUTLS +ACL +XZ +LZ4 +SECCOMP +BLKID +ELFUTILS +KMOD -IDN2 +IDN -PCRE2 default-hierarchy=hybrid)
[    8.886419] systemd[1]: Detected virtualization oracle.
[    8.887241] systemd[1]: Detected architecture x86-64.

Welcome to [1mUbuntu 18.04.4 LTS[0m!

[    8.893657] systemd[1]: Set hostname to <ubuntu-bionic>.
[    9.221136] systemd[1]: Created slice User and Session Slice.
[[0;32m  OK  [0m] Created slice User and Session Slice.
[    9.223146] systemd[1]: Set up automount Arbitrary Executable File Formats File System Automount Point.
[[0;32m  OK  [0m] Set up automount Arbitrary Executabâ€¦rmats File System Automount Point.
[    9.272799] systemd[1]: Started Forward Password Requests to Wall Directory Watch.
[[0;32m  OK  [0m] Started Forward Password Requests to Wall Directory Watch.
[    9.275351] systemd[1]: Reached target User and Group Name Lookups.
[[0;32m  OK  [0m] Reached target User and Group Name Lookups.
[    9.625028] systemd[1]: Created slice System Slice.
[[0;32m  OK  [0m] Created slice System Slice.
[    9.626555] systemd[1]: Listening on LVM2 poll daemon socket.
[[0;32m  OK  [0m] Listening on LVM2 poll daemon socket.
[[0;32m  OK  [0m] Listening on LVM2 metadata daemon socket.
[[0;32m  OK  [0m] Listening on Syslog Socket.
[[0;32m  OK  [0m] Reached target Slices.
[[0;32m  OK  [0m] Listening on udev Control Socket.
[[0;32m  OK  [0m] Listening on Network Service Netlink Socket.
[[0;32m  OK  [0m] Listening on udev Kernel Socket.
[[0;32m  OK  [0m] Created slice system-serial\x2dgetty.slice.
[[0;32m  OK  [0m] Listening on Device-mapper event daemon FIFOs.
[[0;32m  OK  [0m] Listening on Journal Audit Socket.
[[0;32m  OK  [0m] Listening on Journal Socket (/dev/log).
[[0;32m  OK  [0m] Listening on Journal Socket.
         Starting Uncomplicated firewall...
         Mounting POSIX Message Queue File System...
         Starting Load Kernel Modules...
         Starting Create list of required stâ€¦ce nodes for the current kernel...
         Starting udev Coldplug all Devices...
         Starting Set the console keyboard layout...
         Starting Remount Root and Kernel File Systems...
         Starting Monitoring of LVM2 mirrorsâ€¦ng dmeventd or progress polling...
         Mounting Kernel Debug File System...
         Starting Journal Service...
[[0;32m  OK  [0m] Reached target System Time Synchronized.
[[0;32m  OK  [0m] Listening on /dev/initctl Compatibility Named Pipe.
[[0;32m  OK  [0m] Reached target Swap.
         Mounting Huge Pages File System...
[[0;32m  OK  [0m] Started Uncomplicated firewall.
[[0;32m  OK  [0m] Mounted POSIX Message Queue File System.
[[0;32m  OK  [0m] Started Create list of required staâ€¦vice nodes for the current kernel.
[    9.701659] Loading iSCSI transport class v2.0-870.
[[0;32m  OK  [0m] Mounted Kernel Debug File System.
[[0;32m  OK  [0m] Mounted Huge Pages File System.
         Starting Create Static Device Nodes in /dev...
[[0;32m  OK  [0m] Started udev Coldplug all Devices.
[    9.767411] iscsi: registered transport (tcp)
[[0;32m  OK  [0m] Started Journal Service.
[    9.787915] iscsi: registered transport (iser)
[[0;32m  OK  [0m] Started Load Kernel Modules.
         Mounting Kernel Configuration File System...
         Starting Apply Kernel Variables...
         Mounting FUSE Control File System...
[[0;32m  OK  [0m] Mounted Kernel Configuration File System.
[[0;32m  OK  [0m] Mounted FUSE Control File System.
[[0;32m  OK  [0m] Started Create Static Device Nodes in /dev.
[    9.824790] EXT4-fs (sda1): re-mounted. Opts: (null)
[[0;32m  OK  [0m] Started Remount Root and Kernel File Systems.
         Starting Flush Journal to Persistent Storage...
         Starting udev Kernel Device Manager...
         Starting Load/Save Random Seed...
[[0;32m  OK  [0m] Started LVM2 metadata daemon.
[[0;32m  OK  [0m] Started Load/Save Random Seed.
[[0;32m  OK  [0m] Started Apply Kernel Variables.
[[0;32m  OK  [0m] Started Monitoring of LVM2 mirrors,â€¦sing dmeventd or progress polling.
[[0;32m  OK  [0m] Started udev Kernel Device Manager.
[[0;32m  OK  [0m] Started Flush Journal to Persistent Storage.
[[0;32m  OK  [0m] Found device /dev/ttyS0.
[[0;32m  OK  [0m] Listening on Load/Save RF Kill Switch Status /dev/rfkill Watch.
[[0;32m  OK  [0m] Started Set the console keyboard layout.
[[0;32m  OK  [0m] Started Dispatch Password Requests to Console Directory Watch.
[[0;32m  OK  [0m] Reached target Local Encrypted Volumes.
[[0;32m  OK  [0m] Reached target Local File Systems (Pre).
[[0;32m  OK  [0m] Reached target Local File Systems.
         Starting Tell Plymouth To Write Out Runtime Data...
         Starting AppArmor initialization...
         Starting ebtables ruleset management...
         Starting Set console font and keymap...
         Starting Create Volatile Files and Directories...
[[0;32m  OK  [0m] Started Tell Plymouth To Write Out Runtime Data.
[[0;32m  OK  [0m] Started Set console font and keymap.
[[0;32m  OK  [0m] Started Create Volatile Files and Directories.
         Starting Update UTMP about System Boot/Shutdown...
[[0;32m  OK  [0m] Started Update UTMP about System Boot/Shutdown.
[[0;32m  OK  [0m] Started ebtables ruleset management.
[[0;32m  OK  [0m] Started AppArmor initialization.
         Starting Initial cloud-init job (pre-networking)...
[   12.766706] cloud-init[649]: Cloud-init v. 19.4-33-gbb4131a2-0ubuntu1~18.04.1 running 'init-local' at Mon, 24 Feb 2020 16:50:47 +0000. Up 12.54 seconds.
[[0;32m  OK  [0m] Started Initial cloud-init job (pre-networking).
[[0;32m  OK  [0m] Reached target Network (Pre).
         Starting Network Service...
[[0;32m  OK  [0m] Started Network Service.
         Starting Network Name Resolution...
         Starting Wait for Network to be Configured...
[[0;32m  OK  [0m] Started Network Name Resolution.
[[0;32m  OK  [0m] Reached target Network.
[[0;32m  OK  [0m] Reached target Host and Network Name Lookups.
[[0;32m  OK  [0m] Started Wait for Network to be Configured.
         Starting Initial cloud-init job (metadata service crawler)...
[   15.786394] cloud-init[758]: Cloud-init v. 19.4-33-gbb4131a2-0ubuntu1~18.04.1 running 'init' at Mon, 24 Feb 2020 16:50:50 +0000. Up 15.62 seconds.
[   15.788497] cloud-init[758]: ci-info: ++++++++++++++++++++++++++++++++++++++Net device info+++++++++++++++++++++++++++++++++++++++
[   15.789581] cloud-init[758]: ci-info: +--------+------+-----------------------------+---------------+--------+-------------------+
[   15.791037] cloud-init[758]: ci-info: | Device |  Up  |           Address           |      Mask     | Scope  |     Hw-Address    |
[   15.801461] cloud-init[758]: ci-info: +--------+------+-----------------------------+---------------+--------+-------------------+
[   15.802928] cloud-init[758]: ci-info: | enp0s3 | True |          10.0.2.15          | 255.255.255.0 | global | 02:b4:6b:8c:b8:1a |
[   15.804255] cloud-init[758]: ci-info: | enp0s3 | True |  fe80::b4:6bff:fe8c:b81a/64 |       .       |  link  | 02:b4:6b:8c:b8:1a |
[   15.805760] cloud-init[758]: ci-info: | enp0s8 | True |        192.168.10.150       | 255.255.255.0 | global | 08:00:27:56:40:2e |
[   15.806855] cloud-init[758]: ci-info: | enp0s8 | True | fe80::a00:27ff:fe56:402e/64 |       .       |  link  | 08:00:27:56:40:2e |
[   15.808192] cloud-init[758]: ci-info: |   lo   | True |          127.0.0.1          |   255.0.0.0   |  host  |         .         |
[   15.821691] cloud-init[758]: ci-info: |   lo   | True |           ::1/128           |       .       |  host  |         .         |
[   15.823015] cloud-init[758]: ci-info: +--------+------+-----------------------------+---------------+--------+-------------------+
[   15.836399] cloud-init[758]: ci-info: +++++++++++++++++++++++++++++Route IPv4 info+++++++++++++++++++++++++++++
[   15.837544] cloud-init[758]: ci-info: +-------+--------------+----------+-----------------+-----------+-------+
[   15.838638] cloud-init[758]: ci-info: | Route | Destination  | Gateway  |     Genmask     | Interface | Flags |
[   15.848274] cloud-init[758]: ci-info: +-------+--------------+----------+-----------------+-----------+-------+
[   15.849921] cloud-init[758]: ci-info: |   0   |   0.0.0.0    | 10.0.2.2 |     0.0.0.0     |   enp0s3  |   UG  |
[   15.851427] cloud-init[758]: ci-info: |   1   |   10.0.2.0   | 0.0.0.0  |  255.255.255.0  |   enp0s3  |   U   |
[   15.852693] cloud-init[758]: ci-info: |   2   |   10.0.2.2   | 0.0.0.0  | 255.255.255.255 |   enp0s3  |   UH  |
[   15.853946] cloud-init[758]: ci-info: |   3   | 192.168.10.0 | 0.0.0.0  |  255.255.255.0  |   enp0s8  |   U   |
[   15.855255] cloud-init[758]: ci-info: +-------+--------------+----------+-----------------+-----------+-------+
[   15.856561] cloud-init[758]: ci-info: +++++++++++++++++++Route IPv6 info+++++++++++++++++++
[   15.868591] cloud-init[758]: ci-info: +-------+-------------+---------+-----------+-------+
[   15.869742] cloud-init[758]: ci-info: | Route | Destination | Gateway | Interface | Flags |
[   15.870860] cloud-init[758]: ci-info: +-------+-------------+---------+-----------+-------+
[   15.880268] cloud-init[758]: ci-info: |   1   |  fe80::/64  |    ::   |   enp0s8  |   U   |
[   15.881534] cloud-init[758]: ci-info: |   2   |  fe80::/64  |    ::   |   enp0s3  |   U   |
[   15.892152] cloud-init[758]: ci-info: |   4   |    local    |    ::   |   enp0s3  |   U   |
[   15.893150] cloud-init[758]: ci-info: |   5   |    local    |    ::   |   enp0s8  |   U   |
[   15.894229] cloud-init[758]: ci-info: |   6   |   ff00::/8  |    ::   |   enp0s8  |   U   |
[   15.895257] cloud-init[758]: ci-info: |   7   |   ff00::/8  |    ::   |   enp0s3  |   U   |
[   15.896262] cloud-init[758]: ci-info: +-------+-------------+---------+-----------+-------+
[[0;32m  OK  [0m] Started Initial cloud-init job (metadata service crawler).
[[0;32m  OK  [0m] Reached target System Initialization.
[[0;32m  OK  [0m] Started Daily apt download activities.
[[0;32m  OK  [0m] Started Daily apt upgrade and clean activities.
[[0;32m  OK  [0m] Started Message of the Day.
[[0;32m  OK  [0m] Listening on D-Bus System Message Bus Socket.
[[0;32m  OK  [0m] Listening on UUID daemon activation socket.
[[0;32m  OK  [0m] Started ACPI Events Check.
[[0;32m  OK  [0m] Reached target Paths.
[[0;32m  OK  [0m] Listening on Open-iSCSI iscsid Socket.
[[0;32m  OK  [0m] Listening on ACPID Listen Socket.
         Starting LXD - unix socket.
[[0;32m  OK  [0m] Started Discard unused blocks once a week.
         Starting Socket activation for snappy daemon.
[[0;32m  OK  [0m] Started Daily Cleanup of Temporary Directories.
[[0;32m  OK  [0m] Reached target Timers.
[[0;32m  OK  [0m] Reached target Cloud-config availability.
[[0;32m  OK  [0m] Reached target Network is Online.
[[0;32m  OK  [0m] Reached target Remote File Systems (Pre).
[[0;32m  OK  [0m] Reached target Remote File Systems.
         Starting Availability of block devices...
[[0;32m  OK  [0m] Listening on LXD - unix socket.
[[0;32m  OK  [0m] Listening on Socket activation for snappy daemon.
[[0;32m  OK  [0m] Reached target Sockets.
[[0;32m  OK  [0m] Reached target Basic System.
[[0;32m  OK  [0m] Started MongoDB Database Server.
         Starting Virtualbox guest utils...
         Starting Accounts Service...
[[0;32m  OK  [0m] Started irqbalance daemon.
         Starting LSB: Record successful boot for GRUB...
[[0;32m  OK  [0m] Started Regular background program processing daemon.
         Starting Snappy daemon...
[[0;32m  OK  [0m] Started D-Bus System Message Bus.
         Starting Permit User Sessions...
         Starting Dispatcher daemon for systemd-networkd...
         Starting LXD - container startup/shutdown...
[[0;32m  OK  [0m] Started FUSE filesystem for LXC.
         Starting LSB: automatic crash report generation...
         Starting System Logging Service...
         Starting Login Service...
[[0;32m  OK  [0m] Started Deferred execution scheduler.
         Starting OpenBSD Secure Shell server...
[[0;32m  OK  [0m] Started Availability of block devices.
[[0;32m  OK  [0m] Started Permit User Sessions.
[[0;32m  OK  [0m] Started Login Service.
[[0;32m  OK  [0m] Started Unattended Upgrades Shutdown.
         Starting Authorization Manager...
         Starting Terminate Plymouth Boot Screen...
         Starting Hold until boot process finishes up...
[[0;32m  OK  [0m] Started Hold until boot process finishes up.
         Starting Set console scheme...
[[0;32m  OK  [0m] Started Serial Getty on ttyS0.
[[0;32m  OK  [0m] Started Terminate Plymouth Boot Screen.
[[0;32m  OK  [0m] Started System Logging Service.
[[0;32m  OK  [0m] Started OpenBSD Secure Shell server.
[[0;32m  OK  [0m] Started Authorization Manager.
[[0;32m  OK  [0m] Started Accounts Service.
[[0;32m  OK  [0m] Started Set console scheme.
[[0;32m  OK  [0m] Created slice system-getty.slice.
[[0;32m  OK  [0m] Started Getty on tty1.
[[0;32m  OK  [0m] Reached target Login Prompts.
[[0;32m  OK  [0m] Started LSB: automatic crash report generation.
[[0;32m  OK  [0m] Started LSB: Record successful boot for GRUB.
[[0;32m  OK  [0m] Started Virtualbox guest utils.
[[0;32m  OK  [0m] Started LXD - container startup/shutdown.
[[0;32m  OK  [0m] Started Dispatcher daemon for systemd-networkd.
[[0;32m  OK  [0m] Started Snappy daemon.
         Starting Wait until snapd is fully seeded...
[[0;32m  OK  [0m] Started Wait until snapd is fully seeded.
[[0;32m  OK  [0m] Reached target Multi-User System.
[[0;32m  OK  [0m] Reached target Graphical Interface.
         Starting Update UTMP about System Runlevel Changes...
         Starting Apply the settings specified in cloud-config...
[[0;32m  OK  [0m] Started Update UTMP about System Runlevel Changes.
[   18.238396] cloud-init[1171]: Cloud-init v. 19.4-33-gbb4131a2-0ubuntu1~18.04.1 running 'modules:config' at Mon, 24 Feb 2020 16:50:52 +0000. Up 18.12 seconds.
[[0;32m  OK  [0m] Started Apply the settings specified in cloud-config.
         Starting Execute cloud user/final scripts...
[   18.811760] cloud-init[1215]: Cloud-init v. 19.4-33-gbb4131a2-0ubuntu1~18.04.1 running 'modules:final' at Mon, 24 Feb 2020 16:50:53 +0000. Up 18.68 seconds.
[   18.814461] cloud-init[1215]: Cloud-init v. 19.4-33-gbb4131a2-0ubuntu1~18.04.1 finished at Mon, 24 Feb 2020 16:50:53 +0000. Datasource DataSourceNoCloud [seed=/dev/sdb][dsmode=net].  Up 18.80 seconds
[[0;32m  OK  [0m] Started Execute cloud user/final scripts.
[[0;32m  OK  [0m] Reached target Cloud-init target.

Ubuntu 18.04.4 LTS ubuntu-bionic ttyS0

ubuntu-bionic login: 